Archive member included to satisfy reference by file (symbol)

/home/Zezombye/opt/sh3eb-elf/lib/gcc/sh3eb-elf/7.3.0/libgcc.a(_movmem.o)
                              build/py/objstr.o (___movmemSI16)
/home/Zezombye/opt/sh3eb-elf/lib/gcc/sh3eb-elf/7.3.0/libgcc.a(_sdivsi3.o)
                              /tmp/ccRkAaxi.o (___sdivsi3)
/home/Zezombye/opt/sh3eb-elf/lib/gcc/sh3eb-elf/7.3.0/libgcc.a(_udivsi3.o)
                              /tmp/ccjw44K3.o (___udivsi3)
/home/Zezombye/opt/sh3eb-elf/lib/gcc/sh3eb-elf/7.3.0/libgcc.a(_udivdi3.o)
                              /tmp/ccjw44K3.o (___udivdi3)
/home/Zezombye/opt/sh3eb-elf/lib/gcc/sh3eb-elf/7.3.0/libgcc.a(_umoddi3.o)
                              /tmp/ccjw44K3.o (___umoddi3)
/home/Zezombye/opt/sh3eb-elf/lib/gcc/sh3eb-elf/7.3.0/libgcc.a(_si_to_sf.o)
                              build/py/binary.o (___floatsisf)
/home/Zezombye/opt/sh3eb-elf/lib/gcc/sh3eb-elf/7.3.0/libgcc.a(_sf_to_df.o)
                              build/py/binary.o (___extendsfdf2)
/home/Zezombye/opt/sh3eb-elf/lib/gcc/sh3eb-elf/7.3.0/libgcc.a(_addsub_df.o)
                              build/py/parsenum.o (___adddf3)
/home/Zezombye/opt/sh3eb-elf/lib/gcc/sh3eb-elf/7.3.0/libgcc.a(_mul_df.o)
                              build/py/formatfloat.o (___muldf3)
/home/Zezombye/opt/sh3eb-elf/lib/gcc/sh3eb-elf/7.3.0/libgcc.a(_div_df.o)
                              build/py/runtime.o (___divdf3)
/home/Zezombye/opt/sh3eb-elf/lib/gcc/sh3eb-elf/7.3.0/libgcc.a(_eq_df.o)
                              build/py/formatfloat.o (___eqdf2)
/home/Zezombye/opt/sh3eb-elf/lib/gcc/sh3eb-elf/7.3.0/libgcc.a(_ne_df.o)
                              build/py/objcomplex.o (___nedf2)
/home/Zezombye/opt/sh3eb-elf/lib/gcc/sh3eb-elf/7.3.0/libgcc.a(_gt_df.o)
                              build/py/formatfloat.o (___gtdf2)
/home/Zezombye/opt/sh3eb-elf/lib/gcc/sh3eb-elf/7.3.0/libgcc.a(_ge_df.o)
                              build/py/formatfloat.o (___gedf2)
/home/Zezombye/opt/sh3eb-elf/lib/gcc/sh3eb-elf/7.3.0/libgcc.a(_lt_df.o)
                              build/py/formatfloat.o (___ltdf2)
/home/Zezombye/opt/sh3eb-elf/lib/gcc/sh3eb-elf/7.3.0/libgcc.a(_le_df.o)
                              build/py/formatfloat.o (___ledf2)
/home/Zezombye/opt/sh3eb-elf/lib/gcc/sh3eb-elf/7.3.0/libgcc.a(_unord_df.o)
                              build/py/formatfloat.o (___unorddf2)
/home/Zezombye/opt/sh3eb-elf/lib/gcc/sh3eb-elf/7.3.0/libgcc.a(_si_to_df.o)
                              build/py/formatfloat.o (___floatsidf)
/home/Zezombye/opt/sh3eb-elf/lib/gcc/sh3eb-elf/7.3.0/libgcc.a(_df_to_si.o)
                              build/py/formatfloat.o (___fixdfsi)
/home/Zezombye/opt/sh3eb-elf/lib/gcc/sh3eb-elf/7.3.0/libgcc.a(_make_df.o)
                              /home/Zezombye/opt/sh3eb-elf/lib/gcc/sh3eb-elf/7.3.0/libgcc.a(_sf_to_df.o) (___make_dp)
/home/Zezombye/opt/sh3eb-elf/lib/gcc/sh3eb-elf/7.3.0/libgcc.a(_df_to_sf.o)
                              build/py/binary.o (___truncdfsf2)
/home/Zezombye/opt/sh3eb-elf/lib/gcc/sh3eb-elf/7.3.0/libgcc.a(_thenan_df.o)
                              /home/Zezombye/opt/sh3eb-elf/lib/gcc/sh3eb-elf/7.3.0/libgcc.a(_addsub_df.o) (___thenan_df)
/home/Zezombye/opt/sh3eb-elf/lib/gcc/sh3eb-elf/7.3.0/libgcc.a(_usi_to_df.o)
                              build/py/parsenum.o (___floatunsidf)
/home/Zezombye/opt/sh3eb-elf/lib/gcc/sh3eb-elf/7.3.0/libgcc.a(_udiv_qrnnd_16.o)
                              /home/Zezombye/opt/sh3eb-elf/lib/gcc/sh3eb-elf/7.3.0/libgcc.a(_udivdi3.o) (___udiv_qrnnd_16)
/home/Zezombye/opt/sh3eb-elf/lib/gcc/sh3eb-elf/7.3.0/libgcc.a(_clz.o)
                              /home/Zezombye/opt/sh3eb-elf/lib/gcc/sh3eb-elf/7.3.0/libgcc.a(_udivdi3.o) (___clz_tab)
/home/Zezombye/opt/sh3eb-elf/lib/gcc/sh3eb-elf/7.3.0/libgcc.a(_clzsi2.o)
                              /home/Zezombye/opt/sh3eb-elf/lib/gcc/sh3eb-elf/7.3.0/libgcc.a(_si_to_sf.o) (___clzsi2)
/home/Zezombye/opt/sh3eb-elf/lib/gcc/sh3eb-elf/7.3.0/libgcc.a(_pack_sf.o)
                              /home/Zezombye/opt/sh3eb-elf/lib/gcc/sh3eb-elf/7.3.0/libgcc.a(_si_to_sf.o) (___pack_f)
/home/Zezombye/opt/sh3eb-elf/lib/gcc/sh3eb-elf/7.3.0/libgcc.a(_unpack_sf.o)
                              /home/Zezombye/opt/sh3eb-elf/lib/gcc/sh3eb-elf/7.3.0/libgcc.a(_sf_to_df.o) (___unpack_f)
/home/Zezombye/opt/sh3eb-elf/lib/gcc/sh3eb-elf/7.3.0/libgcc.a(_make_sf.o)
                              /home/Zezombye/opt/sh3eb-elf/lib/gcc/sh3eb-elf/7.3.0/libgcc.a(_df_to_sf.o) (___make_fp)
/home/Zezombye/opt/sh3eb-elf/lib/gcc/sh3eb-elf/7.3.0/libgcc.a(_pack_df.o)
                              /home/Zezombye/opt/sh3eb-elf/lib/gcc/sh3eb-elf/7.3.0/libgcc.a(_addsub_df.o) (___pack_d)
/home/Zezombye/opt/sh3eb-elf/lib/gcc/sh3eb-elf/7.3.0/libgcc.a(_unpack_df.o)
                              /home/Zezombye/opt/sh3eb-elf/lib/gcc/sh3eb-elf/7.3.0/libgcc.a(_addsub_df.o) (___unpack_d)
/home/Zezombye/opt/sh3eb-elf/lib/gcc/sh3eb-elf/7.3.0/libgcc.a(_fpcmp_parts_df.o)
[...]
Memory Configuration

Name             Origin             Length             Attributes
rom              0x0000000000300200 0x0000000000080000
ram              0x0000000008100000 0x0000000000010000
*default*        0x0000000000000000 0xffffffffffffffff

Linker script and memory map

LOAD /tmp/ccAt0bPL.o
LOAD /tmp/ccRkAaxi.o
LOAD /tmp/cc2fkEcC.o
LOAD /tmp/ccW7uK2A.o
LOAD /tmp/cc4P0R4t.o
LOAD /tmp/ccEL3l1h.o
LOAD /tmp/ccjw44K3.o
LOAD /tmp/ccYjSoQ2.o
LOAD /tmp/ccSVEjCl.o
LOAD /tmp/ccAZxb38.o
LOAD /tmp/ccSxmYVs.o
LOAD /tmp/ccBvHLm2.o
LOAD /tmp/ccwJgy9y.o
LOAD build/py/mpstate.o
LOAD build/py/nlr.o
LOAD build/py/nlrx86.o
LOAD build/py/nlrx64.o
LOAD build/py/nlrthumb.o
LOAD build/py/nlrxtensa.o
LOAD build/py/nlrsetjmp.o
LOAD build/py/malloc.o
LOAD build/py/gc.o
LOAD build/py/pystack.o
LOAD build/py/qstr.o
LOAD build/py/vstr.o
LOAD build/py/mpprint.o
LOAD build/py/unicode.o
LOAD build/py/mpz.o
LOAD build/py/reader.o
LOAD build/py/lexer.o
LOAD build/py/parse.o
LOAD build/py/scope.o
LOAD build/py/compile.o
LOAD build/py/emitcommon.o
LOAD build/py/emitbc.o
LOAD build/py/asmbase.o
LOAD build/py/asmx64.o
LOAD build/py/emitnx64.o
LOAD build/py/asmx86.o
LOAD build/py/emitnx86.o
LOAD build/py/asmthumb.o
LOAD build/py/emitnthumb.o
LOAD build/py/emitinlinethumb.o
LOAD build/py/asmarm.o
LOAD build/py/emitnarm.o
LOAD build/py/asmxtensa.o
LOAD build/py/emitnxtensa.o
LOAD build/py/emitinlinextensa.o
LOAD build/py/formatfloat.o
LOAD build/py/parsenumbase.o
LOAD build/py/parsenum.o
LOAD build/py/emitglue.o
LOAD build/py/persistentcode.o
LOAD build/py/runtime.o
LOAD build/py/runtime_utils.o
LOAD build/py/scheduler.o
LOAD build/py/nativeglue.o
LOAD build/py/stackctrl.o
LOAD build/py/argcheck.o
LOAD build/py/warning.o
LOAD build/py/map.o
LOAD build/py/obj.o
LOAD build/py/objarray.o
LOAD build/py/objattrtuple.o
LOAD build/py/objbool.o
LOAD build/py/objboundmeth.o
LOAD build/py/objcell.o
LOAD build/py/objclosure.o
LOAD build/py/objcomplex.o
LOAD build/py/objdeque.o
LOAD build/py/objdict.o
LOAD build/py/objenumerate.o
LOAD build/py/objexcept.o
LOAD build/py/objfilter.o
LOAD build/py/objfloat.o
LOAD build/py/objfun.o
LOAD build/py/objgenerator.o
LOAD build/py/objgetitemiter.o
LOAD build/py/objint.o
LOAD build/py/objint_longlong.o
LOAD build/py/objint_mpz.o
LOAD build/py/objlist.o
LOAD build/py/objmap.o
LOAD build/py/objmodule.o
LOAD build/py/objobject.o
LOAD build/py/objpolyiter.o
LOAD build/py/objproperty.o
LOAD build/py/objnone.o
LOAD build/py/objnamedtuple.o
LOAD build/py/objrange.o
LOAD build/py/objreversed.o
LOAD build/py/objset.o
LOAD build/py/objsingleton.o
LOAD build/py/objslice.o
LOAD build/py/objstr.o
LOAD build/py/objstrunicode.o
LOAD build/py/objstringio.o
LOAD build/py/objtuple.o
LOAD build/py/objtype.o
LOAD build/py/objzip.o
LOAD build/py/opmethods.o
LOAD build/py/sequence.o
LOAD build/py/stream.o
LOAD build/py/binary.o
LOAD build/py/builtinimport.o
LOAD build/py/builtinevex.o
LOAD build/py/builtinhelp.o
LOAD build/py/modarray.o
LOAD build/py/modbuiltins.o
LOAD build/py/modcollections.o
LOAD build/py/modgc.o
LOAD build/py/modio.o
LOAD build/py/modmath.o
LOAD build/py/modcmath.o
LOAD build/py/modmicropython.o
LOAD build/py/modstruct.o
LOAD build/py/modsys.o
LOAD build/py/moduerrno.o
LOAD build/py/modthread.o
LOAD build/py/vm.o
LOAD build/py/bc.o
LOAD build/py/showbc.o
LOAD build/py/repl.o
LOAD build/py/smallint.o
LOAD build/py/frozenmod.o
LOAD build/main.o
LOAD build/uart_core.o
LOAD build/lib/utils/printf.o
LOAD build/lib/utils/stdout_helpers.o
LOAD build/lib/utils/pyexec.o
LOAD build/lib/libc/string0.o
LOAD build/lib/mp-readline/readline.o
LOAD build/build/_frozen_mpy.o
LOAD /home/Zezombye/opt/sh3eb-elf/lib/gcc/sh3eb-elf/7.3.0/libgcc.a
LOAD ./libfx.a

.text           0x0000000000300200     0x3ed8
 *(.pretext)
 .pretext       0x0000000000300200      0x138 /tmp/ccAt0bPL.o
                0x0000000000300200                start
 *(.text)
 .text          0x0000000000300338      0xdd8 /tmp/ccRkAaxi.o
                0x0000000000300338                _main
                0x00000000003003a0                _waitForKey
                0x0000000000300e64                _casiopy_print
 .text          0x0000000000301110     0x1408 /tmp/ccjw44K3.o
                0x0000000000301bfa                _tfp_format
                0x00000000003021e2                _init_printf
                0x000000000030221c                _tfp_printf
                0x00000000003022d4                _tfp_vsnprintf
                0x0000000000302398                _tfp_snprintf
                0x000000000030244c                _tfp_vsprintf
                0x00000000003024c4                _tfp_sprintf
 .text          0x0000000000302518     0x1630 /tmp/ccYjSoQ2.o
                0x0000000000302518                _ML_vram_adress
                0x000000000030254c                _ML_clear_vram
                0x0000000000302688                _ML_clear_screen
                0x0000000000302748                _ML_display_vram
                0x0000000000302830                _ML_pixel
                0x0000000000302aee                _ML_line
                0x0000000000302d5c                _ML_horizontal_line
                0x00000000003037dc                _ML_vertical_line
 .text          0x0000000000303b48       0xa0 /home/Zezombye/opt/sh3eb-elf/lib/gcc/sh3eb-elf/7.3.0/libgcc.a(_sdivsi3.o)
                0x0000000000303b48                ___sdivsi3
 .text          0x0000000000303be8       0x6c /home/Zezombye/opt/sh3eb-elf/lib/gcc/sh3eb-elf/7.3.0/libgcc.a(_udivsi3.o)
                0x0000000000303c0a                ___udivsi3
 .text          0x0000000000303c54      0x1f8 /home/Zezombye/opt/sh3eb-elf/lib/gcc/sh3eb-elf/7.3.0/libgcc.a(_udivdi3.o)
                0x0000000000303c54                ___udivdi3
 .text          0x0000000000303e4c      0x228 /home/Zezombye/opt/sh3eb-elf/lib/gcc/sh3eb-elf/7.3.0/libgcc.a(_umoddi3.o)
                0x0000000000303e4c                ___umoddi3
 *fill*         0x0000000000304074        0x4 
 .text          0x0000000000304078       0x60 /home/Zezombye/opt/sh3eb-elf/lib/gcc/sh3eb-elf/7.3.0/libgcc.a(_udiv_qrnnd_16.o)
                0x0000000000304078                ___udiv_qrnnd_16

.text.memcpy    0x00000000003040d8       0x58
 .text.memcpy   0x00000000003040d8       0x58 build/lib/libc/string0.o
                0x00000000003040d8                _memcpy

.text.memmove   0x0000000000304130       0x34
 .text.memmove  0x0000000000304130       0x34 build/lib/libc/string0.o
                0x0000000000304130                _memmove

.text.memset    0x0000000000304164       0x50
 .text.memset   0x0000000000304164       0x50 build/lib/libc/string0.o
                0x0000000000304164                _memset

P               0x00000000003041b4       0x30
 P              0x00000000003041b4       0x10 ./libfx.a(_Bdisp_AllClr_DDVRAM.robj)
                0x00000000003041b4                _Bdisp_AllClr_DDVRAM
 P              0x00000000003041c4       0x10 ./libfx.a(_getkey.robj)
                0x00000000003041c4                _GetKey
 P              0x00000000003041d4       0x10 ./libfx.a(_PrintXY.robj)
                0x00000000003041d4                _PrintXY

.rodata         0x00000000003041e4      0x1f0
 *(.rodata)
 .rodata        0x00000000003041e4       0xee /tmp/ccRkAaxi.o
 *fill*         0x00000000003042d2        0x2 
 .rodata        0x00000000003042d4      0x100 /home/Zezombye/opt/sh3eb-elf/lib/gcc/sh3eb-elf/7.3.0/libgcc.a(_clz.o)
                0x00000000003042d4                ___clz_tab
 *(.rodata.str1.4)
                0x00000000003043d4                _romdata = .

.rela.dyn       0x00000000003043d4        0x0
 .rela.text     0x00000000003043d4        0x0 /tmp/ccRkAaxi.o

.bss            0x0000000008100000       0x18
                0x0000000008100000                _bbss = .
                0x0000000008100000                _bssdatasize = .
                0x0000000008100000        0x4 LONG 0x0
 *(.bss)
 .bss           0x0000000008100004        0x8 /tmp/ccRkAaxi.o
                0x0000000008100004                _posX
                0x0000000008100008                _posY
 .bss           0x000000000810000c        0x8 /tmp/ccjw44K3.o
 *(COMMON)
 COMMON         0x0000000008100014        0x4 /tmp/ccRkAaxi.o
                0x0000000008100014                _key
                0x0000000008100018                _ebss = .

.data           0x0000000008100018      0x210 load address 0x00000000003043d4
                0x0000000008100018                _bdata = .
 *(.data)
 .data          0x0000000008100018      0x200 /tmp/ccRkAaxi.o
                0x0000000008100018                _font
 .data          0x0000000008100218       0x10 /tmp/ccYjSoQ2.o
                0x0000000008100228                _edata = .
OUTPUT(build/firmware.elf elf32-sh)

.comment        0x0000000000000000       0x11
 .comment       0x0000000000000000       0x11 /tmp/ccRkAaxi.o
                                         0x12 (size before relaxing)
 .comment       0x0000000000000011       0x12 /tmp/ccjw44K3.o
 .comment       0x0000000000000011       0x12 /tmp/ccYjSoQ2.o
 .comment       0x0000000000000011       0x12 build/lib/libc/string0.o
 .comment       0x0000000000000011       0x12 /home/Zezombye/opt/sh3eb-elf/lib/gcc/sh3eb-elf/7.3.0/libgcc.a(_udivdi3.o)
 .comment       0x0000000000000011       0x12 /home/Zezombye/opt/sh3eb-elf/lib/gcc/sh3eb-elf/7.3.0/libgcc.a(_umoddi3.o)
 .comment       0x0000000000000011       0x12 /home/Zezombye/opt/sh3eb-elf/lib/gcc/sh3eb-elf/7.3.0/libgcc.a(_clz.o)

.debug_info     0x0000000000000000     0x1154
 .debug_info    0x0000000000000000      0x6f7 /home/Zezombye/opt/sh3eb-elf/lib/gcc/sh3eb-elf/7.3.0/libgcc.a(_udivdi3.o)
 .debug_info    0x00000000000006f7      0x705 /home/Zezombye/opt/sh3eb-elf/lib/gcc/sh3eb-elf/7.3.0/libgcc.a(_umoddi3.o)
 .debug_info    0x0000000000000dfc      0x358 /home/Zezombye/opt/sh3eb-elf/lib/gcc/sh3eb-elf/7.3.0/libgcc.a(_clz.o)

.debug_abbrev   0x0000000000000000      0x4c0
 .debug_abbrev  0x0000000000000000      0x1f6 /home/Zezombye/opt/sh3eb-elf/lib/gcc/sh3eb-elf/7.3.0/libgcc.a(_udivdi3.o)
 .debug_abbrev  0x00000000000001f6      0x205 /home/Zezombye/opt/sh3eb-elf/lib/gcc/sh3eb-elf/7.3.0/libgcc.a(_umoddi3.o)
 .debug_abbrev  0x00000000000003fb       0xc5 /home/Zezombye/opt/sh3eb-elf/lib/gcc/sh3eb-elf/7.3.0/libgcc.a(_clz.o)

.debug_loc      0x0000000000000000      0xdf6
 .debug_loc     0x0000000000000000      0x6d1 /home/Zezombye/opt/sh3eb-elf/lib/gcc/sh3eb-elf/7.3.0/libgcc.a(_udivdi3.o)
 .debug_loc     0x00000000000006d1      0x725 /home/Zezombye/opt/sh3eb-elf/lib/gcc/sh3eb-elf/7.3.0/libgcc.a(_umoddi3.o)

.debug_aranges  0x0000000000000000       0x58
 .debug_aranges
                0x0000000000000000       0x20 /home/Zezombye/opt/sh3eb-elf/lib/gcc/sh3eb-elf/7.3.0/libgcc.a(_udivdi3.o)
 .debug_aranges
                0x0000000000000020       0x20 /home/Zezombye/opt/sh3eb-elf/lib/gcc/sh3eb-elf/7.3.0/libgcc.a(_umoddi3.o)
 .debug_aranges
                0x0000000000000040       0x18 /home/Zezombye/opt/sh3eb-elf/lib/gcc/sh3eb-elf/7.3.0/libgcc.a(_clz.o)

.debug_ranges   0x0000000000000000      0x198
 .debug_ranges  0x0000000000000000       0xc8 /home/Zezombye/opt/sh3eb-elf/lib/gcc/sh3eb-elf/7.3.0/libgcc.a(_udivdi3.o)
 .debug_ranges  0x00000000000000c8       0xd0 /home/Zezombye/opt/sh3eb-elf/lib/gcc/sh3eb-elf/7.3.0/libgcc.a(_umoddi3.o)

.debug_line     0x0000000000000000      0x39a
 .debug_line    0x0000000000000000      0x15c /home/Zezombye/opt/sh3eb-elf/lib/gcc/sh3eb-elf/7.3.0/libgcc.a(_udivdi3.o)
 .debug_line    0x000000000000015c      0x168 /home/Zezombye/opt/sh3eb-elf/lib/gcc/sh3eb-elf/7.3.0/libgcc.a(_umoddi3.o)
 .debug_line    0x00000000000002c4       0xd6 /home/Zezombye/opt/sh3eb-elf/lib/gcc/sh3eb-elf/7.3.0/libgcc.a(_clz.o)

.debug_str      0x0000000000000000      0x588
 .debug_str     0x0000000000000000      0x520 /home/Zezombye/opt/sh3eb-elf/lib/gcc/sh3eb-elf/7.3.0/libgcc.a(_udivdi3.o)
                                        0x58c (size before relaxing)
 .debug_str     0x0000000000000520        0xa /home/Zezombye/opt/sh3eb-elf/lib/gcc/sh3eb-elf/7.3.0/libgcc.a(_umoddi3.o)
                                        0x58c (size before relaxing)
 .debug_str     0x000000000000052a       0x5e /home/Zezombye/opt/sh3eb-elf/lib/gcc/sh3eb-elf/7.3.0/libgcc.a(_clz.o)
                                        0x509 (size before relaxing)

Cross Reference Table

Symbol                                            File
_AboutPopup                                       /tmp/ccSVEjCl.o
_AppendDirEntry                                   /tmp/ccSVEjCl.o
_BMCSRenameVariable                               ./libfx.a(_BMCSRenameVariable.robj)
                                                  ./libfx.a(filebios.robj)
_Bdisp_AllClr_DDVRAM                              ./libfx.a(_Bdisp_AllClr_DDVRAM.robj)
                                                  /tmp/ccSVEjCl.o
                                                  /tmp/ccRkAaxi.o
_Bdisp_ClearLineVRAM                              ./libfx.a(_Bdisp_ClearLineVRAM.robj)
                                                  /tmp/ccSxmYVs.o
                                                  /tmp/ccSVEjCl.o
_Bdisp_DrawLineVRAM                               ./libfx.a(_Bdisp_PutLineVRAM.robj)
                                                  /tmp/ccSxmYVs.o
                                                  /tmp/ccSVEjCl.o
_Bdisp_PutDisp_DD                                 ./libfx.a(_Bdisp_PutDisp_DD.robj)
                                                  /tmp/ccAZxb38.o
                                                  /tmp/ccSVEjCl.o
_Bdisp_ReadArea_DD                                ./libfx.a(dispbios.robj)
_Bdisp_SetPoint_DDVRAM                            ./libfx.a(_Bdisp_SetPoint_DDVRAM.robj)
                                                  /tmp/ccBvHLm2.o
_BfileMCS_GetFileHandle                           ./libfx.a(filebios.robj)
_BfileMCS_HandleCheck                             ./libfx.a(filebios.robj)
_Bfile_CloseFile                                  ./libfx.a(filebios.robj)
                                                  /tmp/ccSVEjCl.o
_Bfile_CloseFile_OS                               ./libfx.a(_Bfile_CloseFile.robj)
                                                  ./libfx.a(filebios.robj)
_Bfile_CreateDirectory                            ./libfx.a(filebios.robj)
                                                  /tmp/ccSVEjCl.o
_Bfile_CreateEntry                                ./libfx.a(_Bfile_CreateEntry.robj)
                                                  ./libfx.a(filebios.robj)
_Bfile_CreateFile                                 ./libfx.a(filebios.robj)
                                                  /tmp/ccSVEjCl.o
_Bfile_CreateMainMemory                           ./libfx.a(filebios.robj)
                                                  /tmp/ccSVEjCl.o
_Bfile_DeleteDirectory                            ./libfx.a(filebios.robj)
                                                  /tmp/ccSVEjCl.o
_Bfile_DeleteEntry                                ./libfx.a(_Bfile_DeleteEntry.robj)
                                                  ./libfx.a(filebios.robj)
_Bfile_DeleteFile                                 ./libfx.a(filebios.robj)
                                                  /tmp/ccSVEjCl.o
_Bfile_DeleteMainMemory                           ./libfx.a(filebios.robj)
                                                  /tmp/ccSVEjCl.o
_Bfile_FindClose                                  ./libfx.a(_Bfile_FindClose.robj)
                                                  /tmp/ccSVEjCl.o
_Bfile_FindFirst                                  ./libfx.a(_Bfile_FindFirst.robj)
                                                  /tmp/ccSVEjCl.o
_Bfile_FindNext                                   ./libfx.a(_Bfile_FindNext.robj)
                                                  /tmp/ccSVEjCl.o
_Bfile_GetFileSize                                ./libfx.a(filebios.robj)
                                                  /tmp/ccSVEjCl.o
_Bfile_GetFileSize_OS                             ./libfx.a(_Bfile_GetFileSize.robj)
                                                  ./libfx.a(filebios.robj)
_Bfile_GetMediaFree                               ./libfx.a(filebios.robj)
                                                  /tmp/ccSVEjCl.o
_Bfile_GetMediaFree_OS                            ./libfx.a(_Bfile_GetMediaFree.robj)
                                                  ./libfx.a(filebios.robj)
_Bfile_OpenFile                                   ./libfx.a(filebios.robj)
                                                  /tmp/ccSVEjCl.o
_Bfile_OpenFile_OS                                ./libfx.a(_Bfile_OpenFile.robj)
                                                  ./libfx.a(filebios.robj)
_Bfile_OpenMainMemory                             ./libfx.a(filebios.robj)
                                                  /tmp/ccSVEjCl.o
_Bfile_ReadFile                                   ./libfx.a(filebios.robj)
                                                  /tmp/ccSVEjCl.o
_Bfile_ReadFile_OS                                ./libfx.a(_Bfile_ReadFile.robj)
                                                  ./libfx.a(filebios.robj)
_Bfile_RenameMainMemory                           ./libfx.a(filebios.robj)
                                                  /tmp/ccSVEjCl.o
_Bfile_SeekFile                                   ./libfx.a(filebios.robj)
_Bfile_SeekFile_OS                                ./libfx.a(_Bfile_SeekFile.robj)
                                                  ./libfx.a(filebios.robj)
_Bfile_WriteFile                                  ./libfx.a(filebios.robj)
                                                  /tmp/ccSVEjCl.o
_Bfile_WriteFile_OS                               ./libfx.a(_Bfile_WriteFile.robj)
                                                  ./libfx.a(filebios.robj)
_BindCharHandle                                   /tmp/ccSVEjCl.o
_Bkey_GetKeyTableInfo                             ./libfx.a(keybios.robj)
_Bkey_GetKeyTableInfoJumpFunc                     ./libfx.a(_Bkey_GetKeyTableInfoJumpFunc.robj)
                                                  ./libfx.a(keybios.robj)
_Bkey_GetKeyWait                                  ./libfx.a(_Bkey_GetKeyWait.robj)
                                                  ./libfx.a(keybios.robj)
_Bkey_Set_RepeatTime                              ./libfx.a(_Bkey_Set_RepeatTime.robj)
                                                  /tmp/ccSVEjCl.o
_CalcLines                                        /tmp/ccSVEjCl.o
_Char2Font                                        /tmp/ccSVEjCl.o
_CharacterSelect                                  /tmp/ccSVEjCl.o
                                                  /tmp/ccAZxb38.o
_Chattering                                       ./libfx.a(_Chattering.robj)
                                                  ./libfx.a(keybios.robj)
_ConfigExport                                     /tmp/ccSVEjCl.o
_ConfigImport                                     /tmp/ccSVEjCl.o
_Configuration                                    /tmp/ccSVEjCl.o
_ConvertNewLine2CRLF                              /tmp/ccSVEjCl.o
_ConvertNewLine2LF                                /tmp/ccSVEjCl.o
_CopyFile                                         /tmp/ccSVEjCl.o
_DD_GET                                           ./libfx.a(_DD_GET.robj)
                                                  ./libfx.a(dispbios.robj)
_DefineFontContext                                /tmp/ccBvHLm2.o
                                                  /tmp/ccSVEjCl.o
_DeleteFile                                       /tmp/ccSVEjCl.o
_DumpTextLines                                    /tmp/ccSVEjCl.o
_Editor                                           /tmp/ccSVEjCl.o
_Explorer                                         /tmp/ccSVEjCl.o
_FileExist                                        /tmp/ccSVEjCl.o
_FilePath                                         /tmp/ccSVEjCl.o
_FolderExist                                      /tmp/ccSVEjCl.o
_Font2Char                                        /tmp/ccSVEjCl.o
_GLibGetAddinLibInfo                              ./libfx.a(_GLibGetAddinLibInfo.robj)
                                                  ./libfx.a(keybios.robj)
_GLibGetOSVersionInfo                             ./libfx.a(_GLibGetOSVersionInfo.robj)
                                                  ./libfx.a(keybios.robj)
_GetAppName                                       ./libfx.a(_GetAppName.robj)
                                                  ./libfx.a(filebios.robj)
_GetFileName                                      /tmp/ccSVEjCl.o
_GetFolder                                        /tmp/ccSVEjCl.o
_GetFolderName                                    /tmp/ccSVEjCl.o
_GetKey                                           ./libfx.a(_getkey.robj)
                                                  build/main.o
                                                  build/py/parsenum.o
                                                  /tmp/ccAZxb38.o
                                                  /tmp/ccSVEjCl.o
                                                  /tmp/ccEL3l1h.o
                                                  /tmp/cc4P0R4t.o
                                                  /tmp/ccW7uK2A.o
                                                  /tmp/cc2fkEcC.o
                                                  /tmp/ccRkAaxi.o
_GetKeyWait                                       ./libfx.a(keybios.robj)
                                                  /tmp/ccAZxb38.o
_GetKeyb                                          /tmp/ccAZxb38.o
                                                  /tmp/ccSVEjCl.o
_GetScrCAx                                        /tmp/ccBvHLm2.o
                                                  /tmp/ccSVEjCl.o
_GetScrCAy                                        /tmp/ccBvHLm2.o
                                                  /tmp/ccSVEjCl.o
_GetSearchString                                  /tmp/ccSVEjCl.o
_GetString                                        /tmp/ccAZxb38.o
                                                  /tmp/ccSVEjCl.o
_Hkey_Check_Key_SDK                               ./libfx.a(keybios.robj)
_IsKeyDown                                        ./libfx.a(keybios.robj)
_IsKeyUp                                          ./libfx.a(keybios.robj)
_KbHit                                            /tmp/ccAZxb38.o
_Key2Char                                         /tmp/ccAZxb38.o
                                                  /tmp/ccSVEjCl.o
_KeyCodeConvert                                   ./libfx.a(keybios.robj)
_KeyMap                                           /tmp/ccAZxb38.o
_KeyNormalCase                                    /tmp/ccAZxb38.o
                                                  /tmp/ccSVEjCl.o
_KeyboardStatusChangeCase                         /tmp/ccAZxb38.o
                                                  /tmp/ccSVEjCl.o
_KeyboardStatusHide                               /tmp/ccAZxb38.o
                                                  /tmp/ccSVEjCl.o
_KeyboardStatusHideRestore                        /tmp/ccAZxb38.o
                                                  /tmp/ccSVEjCl.o
_KeyboardStatusHideStore                          /tmp/ccAZxb38.o
                                                  /tmp/ccSVEjCl.o
_KeyboardStatusLocation                           /tmp/ccAZxb38.o
_LineLength                                       /tmp/ccSVEjCl.o
_MCSDelVar2                                       ./libfx.a(_MCSDelVar2.robj)
                                                  ./libfx.a(filebios.robj)
_MCSFile_InitAll                                  ./libfx.a(filebios.robj)
_MCSGetCapa                                       ./libfx.a(_MCSGetCapa.robj)
                                                  ./libfx.a(filebios.robj)
_MCSGetData1                                      ./libfx.a(_MCSGetData1.robj)
                                                  ./libfx.a(filebios.robj)
_MCSGetDlen2                                      ./libfx.a(_MCSGetDlen2.robj)
                                                  ./libfx.a(filebios.robj)
_MCSOvwDat2                                       ./libfx.a(_MCSOvwDat2.robj)
                                                  ./libfx.a(filebios.robj)
_MCSPutVar2                                       ./libfx.a(_MCSPutVar2.robj)
                                                  ./libfx.a(filebios.robj)
_MCSpt                                            ./libfx.a(filebios.robj)
_ML_clear_screen                                  /tmp/ccYjSoQ2.o
_ML_clear_vram                                    /tmp/ccYjSoQ2.o
_ML_display_vram                                  /tmp/ccYjSoQ2.o
                                                  /tmp/ccRkAaxi.o
_ML_horizontal_line                               /tmp/ccYjSoQ2.o
_ML_line                                          /tmp/ccYjSoQ2.o
_ML_pixel                                         /tmp/ccYjSoQ2.o
                                                  /tmp/ccBvHLm2.o
                                                  /tmp/ccSxmYVs.o
                                                  /tmp/ccRkAaxi.o
_ML_vertical_line                                 /tmp/ccYjSoQ2.o
_ML_vram_adress                                   /tmp/ccYjSoQ2.o
                                                  /tmp/ccRkAaxi.o
_MainDirectory                                    /tmp/ccSVEjCl.o
_MenuClear                                        /tmp/ccSxmYVs.o
_MenuDisableNode                                  /tmp/ccSxmYVs.o
                                                  /tmp/ccSVEjCl.o
_MenuEnableNode                                   /tmp/ccSxmYVs.o
                                                  /tmp/ccSVEjCl.o
_MenuFunctionKey                                  /tmp/ccSxmYVs.o
                                                  /tmp/ccSVEjCl.o
_MenuGetBar                                       /tmp/ccSxmYVs.o
                                                  /tmp/ccSVEjCl.o
_MenuInitialize                                   /tmp/ccSxmYVs.o
                                                  /tmp/ccSVEjCl.o
_MenuPrintBar                                     /tmp/ccSxmYVs.o
_MenuPrintNode                                    /tmp/ccSxmYVs.o
_MenuRestoreBar                                   /tmp/ccSxmYVs.o
                                                  /tmp/ccSVEjCl.o
_MenuSetBar                                       /tmp/ccSxmYVs.o
                                                  /tmp/ccSVEjCl.o
_MenuSetNode                                      /tmp/ccSxmYVs.o
                                                  /tmp/ccSVEjCl.o
_MenuSetPrgmNode                                  /tmp/ccSxmYVs.o
_MenuStoreBar                                     /tmp/ccSxmYVs.o
                                                  /tmp/ccSVEjCl.o
_MoveCursor                                       /tmp/ccSVEjCl.o
_NextButton                                       /tmp/ccSxmYVs.o
                                                  /tmp/ccSVEjCl.o
_PopUpWin                                         ./libfx.a(_PopUpWin.robj)
                                                  /tmp/ccSVEjCl.o
_PopupContinueYesNo                               /tmp/ccSVEjCl.o
_PopupMemory                                      /tmp/ccSVEjCl.o
_PopupMessage                                     /tmp/ccSVEjCl.o
_Print                                            ./libfx.a(_Print.robj)
                                                  /tmp/ccSVEjCl.o
_PrintChar                                        /tmp/ccBvHLm2.o
_PrintCharXY                                      /tmp/ccBvHLm2.o
                                                  /tmp/ccSxmYVs.o
                                                  /tmp/ccSVEjCl.o
_PrintConfigEntry                                 /tmp/ccSVEjCl.o
_PrintFileEntry                                   /tmp/ccSVEjCl.o
_PrintFileName                                    /tmp/ccSVEjCl.o
_PrintFolderEntry                                 /tmp/ccSVEjCl.o
_PrintInfoBar                                     /tmp/ccSVEjCl.o
_PrintKeyboardStatus                              /tmp/ccAZxb38.o
                                                  /tmp/ccSVEjCl.o
_PrintMini                                        ./libfx.a(dispbios.robj)
_PrintMiniSd                                      ./libfx.a(_PrintMiniSd.robj)
                                                  ./libfx.a(dispbios.robj)
_PrintStr                                         /tmp/ccBvHLm2.o
                                                  /tmp/ccAZxb38.o
                                                  /tmp/ccSVEjCl.o
_PrintStrXY                                       /tmp/ccBvHLm2.o
                                                  /tmp/ccSxmYVs.o
                                                  /tmp/ccAZxb38.o
                                                  /tmp/ccSVEjCl.o
_PrintXY                                          ./libfx.a(_PrintXY.robj)
                                                  /tmp/ccBvHLm2.o
                                                  /tmp/ccSVEjCl.o
                                                  /tmp/ccRkAaxi.o
_QuitHandler                                      /tmp/ccSVEjCl.o
_ReadDirectory                                    /tmp/ccSVEjCl.o
_ReadFile                                         /tmp/ccSVEjCl.o
_Rectangle                                        /tmp/ccSVEjCl.o
_RestoreDisp                                      ./libfx.a(_RestoreDisp.robj)
                                                  /tmp/ccAZxb38.o
                                                  /tmp/ccSVEjCl.o
_SDCardPresent                                    /tmp/ccSVEjCl.o
_SaveDisp                                         ./libfx.a(_SaveDisp.robj)
                                                  /tmp/ccAZxb38.o
                                                  /tmp/ccSVEjCl.o
_SetColor                                         /tmp/ccBvHLm2.o
                                                  /tmp/ccSxmYVs.o
                                                  /tmp/ccAZxb38.o
                                                  /tmp/ccSVEjCl.o
_SetColorCntx                                     /tmp/ccBvHLm2.o
                                                  /tmp/ccSVEjCl.o
_SetCursor                                        /tmp/ccBvHLm2.o
                                                  /tmp/ccAZxb38.o
                                                  /tmp/ccSVEjCl.o
_SetEditorFont                                    /tmp/ccSVEjCl.o
_SetFont                                          /tmp/ccBvHLm2.o
                                                  /tmp/ccSxmYVs.o
                                                  /tmp/ccAZxb38.o
                                                  /tmp/ccSVEjCl.o
_SetFontContext                                   /tmp/ccBvHLm2.o
                                                  /tmp/ccSVEjCl.o
_SetIntFlagPaturn                                 ./libfx.a(_SetIntFlagPaturn.robj)
                                                  ./libfx.a(keybios.robj)
_SetOffset                                        /tmp/ccBvHLm2.o
                                                  /tmp/ccSVEjCl.o
_WriteFile                                        /tmp/ccSVEjCl.o
__2PAID                                           ./libfx.a(constd.robj)
__Delay                                           ./libfx.a(keybios.robj)
__FOURD                                           ./libfx.a(constd.robj)
__HALFD                                           ./libfx.a(constd.robj)
                                                  ./libfx.a(_in_logd.robj)
__HLFPAID                                         ./libfx.a(constd.robj)
                                                  ./libfx.a(_i_atand.robj)
__IFINFD                                          ./libfx.a(constd.robj)
                                                  ./libfx.a(_in_logd.robj)
                                                  ./libfx.a(_in_expd.robj)
__IFNAND                                          ./libfx.a(constd.robj)
                                                  ./libfx.a(_i_atand.robj)
                                                  ./libfx.a(_in_sind.robj)
                                                  ./libfx.a(_in_powd.robj)
                                                  ./libfx.a(_in_logd.robj)
                                                  ./libfx.a(_in_expd.robj)
                                                  ./libfx.a(_in_cosd.robj)
__IFONED                                          ./libfx.a(constd.robj)
                                                  ./libfx.a(_i_atand.robj)
                                                  ./libfx.a(_in_powd.robj)
                                                  ./libfx.a(_in_logd.robj)
                                                  ./libfx.a(_in_expd.robj)
__IFZEROD                                         ./libfx.a(constd.robj)
                                                  ./libfx.a(_i_atand.robj)
                                                  ./libfx.a(_in_powd.robj)
                                                  ./libfx.a(_in_logd.robj)
                                                  ./libfx.a(_in_expd.robj)
__LOGE2D                                          ./libfx.a(constd.robj)
                                                  ./libfx.a(_in_logd.robj)
                                                  ./libfx.a(_in_expd.robj)
__N2PAID                                          ./libfx.a(constd.robj)
__NFOURD                                          ./libfx.a(constd.robj)
__NHALFD                                          ./libfx.a(constd.robj)
                                                  ./libfx.a(_i_atand.robj)
                                                  ./libfx.a(_in_logd.robj)
__NHLFPAID                                        ./libfx.a(constd.robj)
__NIFINFD                                         ./libfx.a(constd.robj)
                                                  ./libfx.a(_in_logd.robj)
__NIFONED                                         ./libfx.a(constd.robj)
                                                  ./libfx.a(_i_atand.robj)
                                                  ./libfx.a(_in_expd.robj)
                                                  ./libfx.a(_i_flord.robj)
__NIFZEROD                                        ./libfx.a(constd.robj)
__NLOGE2D                                         ./libfx.a(constd.robj)
__NPAID                                           ./libfx.a(constd.robj)
                                                  ./libfx.a(_i_atn2d.robj)
__NQUOPAID                                        ./libfx.a(constd.robj)
                                                  ./libfx.a(_in_sind.robj)
                                                  ./libfx.a(_in_cosd.robj)
__NQUOTD                                          ./libfx.a(constd.robj)
                                                  ./libfx.a(_i_atand.robj)
__NTWOD                                           ./libfx.a(constd.robj)
__PAID                                            ./libfx.a(constd.robj)
                                                  ./libfx.a(_i_atn2d.robj)
__QUOPAID                                         ./libfx.a(constd.robj)
                                                  ./libfx.a(_i_atand.robj)
                                                  ./libfx.a(_in_sind.robj)
                                                  ./libfx.a(_in_cosd.robj)
__QUOTD                                           ./libfx.a(constd.robj)
__TWOD                                            ./libfx.a(constd.robj)
___GI_vsnprintf                                   build/lib/utils/printf.o
___adddf3                                         /home/Zezombye/opt/sh3eb-elf/lib/gcc/sh3eb-elf/7.3.0/libgcc.a(_addsub_df.o)
                                                  build/py/objfloat.o
                                                  build/py/objcomplex.o
                                                  build/py/parsenum.o
___clz_tab                                        /home/Zezombye/opt/sh3eb-elf/lib/gcc/sh3eb-elf/7.3.0/libgcc.a(_clz.o)
                                                  /home/Zezombye/opt/sh3eb-elf/lib/gcc/sh3eb-elf/7.3.0/libgcc.a(_clzsi2.o)
                                                  /home/Zezombye/opt/sh3eb-elf/lib/gcc/sh3eb-elf/7.3.0/libgcc.a(_umoddi3.o)
                                                  /home/Zezombye/opt/sh3eb-elf/lib/gcc/sh3eb-elf/7.3.0/libgcc.a(_udivdi3.o)
___clzsi2                                         /home/Zezombye/opt/sh3eb-elf/lib/gcc/sh3eb-elf/7.3.0/libgcc.a(_clzsi2.o)
                                                  /home/Zezombye/opt/sh3eb-elf/lib/gcc/sh3eb-elf/7.3.0/libgcc.a(_usi_to_df.o)
                                                  /home/Zezombye/opt/sh3eb-elf/lib/gcc/sh3eb-elf/7.3.0/libgcc.a(_si_to_df.o)
                                                  /home/Zezombye/opt/sh3eb-elf/lib/gcc/sh3eb-elf/7.3.0/libgcc.a(_si_to_sf.o)
___divdf3                                         /home/Zezombye/opt/sh3eb-elf/lib/gcc/sh3eb-elf/7.3.0/libgcc.a(_div_df.o)
                                                  build/py/modbuiltins.o
                                                  build/py/objfloat.o
                                                  build/py/objcomplex.o
                                                  build/py/runtime.o
___eqdf2                                          /home/Zezombye/opt/sh3eb-elf/lib/gcc/sh3eb-elf/7.3.0/libgcc.a(_eq_df.o)
                                                  build/py/objfloat.o
                                                  build/py/objcomplex.o
                                                  build/py/formatfloat.o
___extendsfdf2                                    /home/Zezombye/opt/sh3eb-elf/lib/gcc/sh3eb-elf/7.3.0/libgcc.a(_sf_to_df.o)
                                                  build/py/binary.o
___fatal_error                                    build/main.o
___fixdfsi                                        /home/Zezombye/opt/sh3eb-elf/lib/gcc/sh3eb-elf/7.3.0/libgcc.a(_df_to_si.o)
                                                  build/py/objint.o
                                                  build/py/objfloat.o
                                                  build/py/objcomplex.o
                                                  build/py/formatfloat.o
___floatsidf                                      /home/Zezombye/opt/sh3eb-elf/lib/gcc/sh3eb-elf/7.3.0/libgcc.a(_si_to_df.o)
                                                  build/py/modbuiltins.o
                                                  build/py/binary.o
                                                  build/py/obj.o
                                                  build/py/runtime.o
                                                  build/py/parsenum.o
                                                  build/py/formatfloat.o
___floatsisf                                      /home/Zezombye/opt/sh3eb-elf/lib/gcc/sh3eb-elf/7.3.0/libgcc.a(_si_to_sf.o)
                                                  build/py/binary.o
___floatunsidf                                    /home/Zezombye/opt/sh3eb-elf/lib/gcc/sh3eb-elf/7.3.0/libgcc.a(_usi_to_df.o)
                                                  build/py/parsenum.o
___fpcmp_parts_d                                  /home/Zezombye/opt/sh3eb-elf/lib/gcc/sh3eb-elf/7.3.0/libgcc.a(_fpcmp_parts_df.o)
                                                  /home/Zezombye/opt/sh3eb-elf/lib/gcc/sh3eb-elf/7.3.0/libgcc.a(_le_df.o)
                                                  /home/Zezombye/opt/sh3eb-elf/lib/gcc/sh3eb-elf/7.3.0/libgcc.a(_lt_df.o)
                                                  /home/Zezombye/opt/sh3eb-elf/lib/gcc/sh3eb-elf/7.3.0/libgcc.a(_ge_df.o)
                                                  /home/Zezombye/opt/sh3eb-elf/lib/gcc/sh3eb-elf/7.3.0/libgcc.a(_gt_df.o)
                                                  /home/Zezombye/opt/sh3eb-elf/lib/gcc/sh3eb-elf/7.3.0/libgcc.a(_ne_df.o)
                                                  /home/Zezombye/opt/sh3eb-elf/lib/gcc/sh3eb-elf/7.3.0/libgcc.a(_eq_df.o)
___gedf2                                          /home/Zezombye/opt/sh3eb-elf/lib/gcc/sh3eb-elf/7.3.0/libgcc.a(_ge_df.o)
                                                  build/py/objfloat.o
                                                  build/py/objcomplex.o
                                                  build/py/formatfloat.o
___gtdf2                                          /home/Zezombye/opt/sh3eb-elf/lib/gcc/sh3eb-elf/7.3.0/libgcc.a(_gt_df.o)
                                                  build/py/objint.o
                                                  build/py/objfloat.o
                                                  build/py/formatfloat.o
___ledf2                                          /home/Zezombye/opt/sh3eb-elf/lib/gcc/sh3eb-elf/7.3.0/libgcc.a(_le_df.o)
                                                  build/py/objfloat.o
                                                  build/py/formatfloat.o
___ltdf2                                          /home/Zezombye/opt/sh3eb-elf/lib/gcc/sh3eb-elf/7.3.0/libgcc.a(_lt_df.o)
                                                  build/py/objfloat.o
                                                  build/py/parsenum.o
                                                  build/py/formatfloat.o
___make_dp                                        /home/Zezombye/opt/sh3eb-elf/lib/gcc/sh3eb-elf/7.3.0/libgcc.a(_make_df.o)
                                                  /home/Zezombye/opt/sh3eb-elf/lib/gcc/sh3eb-elf/7.3.0/libgcc.a(_sf_to_df.o)
___make_fp                                        /home/Zezombye/opt/sh3eb-elf/lib/gcc/sh3eb-elf/7.3.0/libgcc.a(_make_sf.o)
                                                  /home/Zezombye/opt/sh3eb-elf/lib/gcc/sh3eb-elf/7.3.0/libgcc.a(_df_to_sf.o)
___movmem                                         /home/Zezombye/opt/sh3eb-elf/lib/gcc/sh3eb-elf/7.3.0/libgcc.a(_movmem.o)
___movmemSI12                                     /home/Zezombye/opt/sh3eb-elf/lib/gcc/sh3eb-elf/7.3.0/libgcc.a(_movmem.o)
                                                  build/py/lexer.o
___movmemSI16                                     /home/Zezombye/opt/sh3eb-elf/lib/gcc/sh3eb-elf/7.3.0/libgcc.a(_movmem.o)
                                                  build/py/objstr.o
___movmemSI20                                     /home/Zezombye/opt/sh3eb-elf/lib/gcc/sh3eb-elf/7.3.0/libgcc.a(_movmem.o)
___movmemSI24                                     /home/Zezombye/opt/sh3eb-elf/lib/gcc/sh3eb-elf/7.3.0/libgcc.a(_movmem.o)
___movmemSI28                                     /home/Zezombye/opt/sh3eb-elf/lib/gcc/sh3eb-elf/7.3.0/libgcc.a(_movmem.o)
___movmemSI32                                     /home/Zezombye/opt/sh3eb-elf/lib/gcc/sh3eb-elf/7.3.0/libgcc.a(_movmem.o)
___movmemSI36                                     /home/Zezombye/opt/sh3eb-elf/lib/gcc/sh3eb-elf/7.3.0/libgcc.a(_movmem.o)
___movmemSI4                                      /home/Zezombye/opt/sh3eb-elf/lib/gcc/sh3eb-elf/7.3.0/libgcc.a(_movmem.o)
___movmemSI40                                     /home/Zezombye/opt/sh3eb-elf/lib/gcc/sh3eb-elf/7.3.0/libgcc.a(_movmem.o)
___movmemSI44                                     /home/Zezombye/opt/sh3eb-elf/lib/gcc/sh3eb-elf/7.3.0/libgcc.a(_movmem.o)
___movmemSI48                                     /home/Zezombye/opt/sh3eb-elf/lib/gcc/sh3eb-elf/7.3.0/libgcc.a(_movmem.o)
___movmemSI52                                     /home/Zezombye/opt/sh3eb-elf/lib/gcc/sh3eb-elf/7.3.0/libgcc.a(_movmem.o)
___movmemSI56                                     /home/Zezombye/opt/sh3eb-elf/lib/gcc/sh3eb-elf/7.3.0/libgcc.a(_movmem.o)
___movmemSI60                                     /home/Zezombye/opt/sh3eb-elf/lib/gcc/sh3eb-elf/7.3.0/libgcc.a(_movmem.o)
___movmemSI64                                     /home/Zezombye/opt/sh3eb-elf/lib/gcc/sh3eb-elf/7.3.0/libgcc.a(_movmem.o)
___movmemSI8                                      /home/Zezombye/opt/sh3eb-elf/lib/gcc/sh3eb-elf/7.3.0/libgcc.a(_movmem.o)
___movstr                                         /home/Zezombye/opt/sh3eb-elf/lib/gcc/sh3eb-elf/7.3.0/libgcc.a(_movmem.o)
___movstrSI12                                     /home/Zezombye/opt/sh3eb-elf/lib/gcc/sh3eb-elf/7.3.0/libgcc.a(_movmem.o)
___movstrSI16                                     /home/Zezombye/opt/sh3eb-elf/lib/gcc/sh3eb-elf/7.3.0/libgcc.a(_movmem.o)
___movstrSI20                                     /home/Zezombye/opt/sh3eb-elf/lib/gcc/sh3eb-elf/7.3.0/libgcc.a(_movmem.o)
___movstrSI24                                     /home/Zezombye/opt/sh3eb-elf/lib/gcc/sh3eb-elf/7.3.0/libgcc.a(_movmem.o)
___movstrSI28                                     /home/Zezombye/opt/sh3eb-elf/lib/gcc/sh3eb-elf/7.3.0/libgcc.a(_movmem.o)
___movstrSI32                                     /home/Zezombye/opt/sh3eb-elf/lib/gcc/sh3eb-elf/7.3.0/libgcc.a(_movmem.o)
___movstrSI36                                     /home/Zezombye/opt/sh3eb-elf/lib/gcc/sh3eb-elf/7.3.0/libgcc.a(_movmem.o)
___movstrSI4                                      /home/Zezombye/opt/sh3eb-elf/lib/gcc/sh3eb-elf/7.3.0/libgcc.a(_movmem.o)
___movstrSI40                                     /home/Zezombye/opt/sh3eb-elf/lib/gcc/sh3eb-elf/7.3.0/libgcc.a(_movmem.o)
___movstrSI44                                     /home/Zezombye/opt/sh3eb-elf/lib/gcc/sh3eb-elf/7.3.0/libgcc.a(_movmem.o)
___movstrSI48                                     /home/Zezombye/opt/sh3eb-elf/lib/gcc/sh3eb-elf/7.3.0/libgcc.a(_movmem.o)
___movstrSI52                                     /home/Zezombye/opt/sh3eb-elf/lib/gcc/sh3eb-elf/7.3.0/libgcc.a(_movmem.o)
___movstrSI56                                     /home/Zezombye/opt/sh3eb-elf/lib/gcc/sh3eb-elf/7.3.0/libgcc.a(_movmem.o)
___movstrSI60                                     /home/Zezombye/opt/sh3eb-elf/lib/gcc/sh3eb-elf/7.3.0/libgcc.a(_movmem.o)
___movstrSI64                                     /home/Zezombye/opt/sh3eb-elf/lib/gcc/sh3eb-elf/7.3.0/libgcc.a(_movmem.o)
___movstrSI8                                      /home/Zezombye/opt/sh3eb-elf/lib/gcc/sh3eb-elf/7.3.0/libgcc.a(_movmem.o)
___muldf3                                         /home/Zezombye/opt/sh3eb-elf/lib/gcc/sh3eb-elf/7.3.0/libgcc.a(_mul_df.o)
                                                  build/py/modbuiltins.o
                                                  build/py/objstr.o
                                                  build/py/objfloat.o
                                                  build/py/objcomplex.o
                                                  build/py/parsenum.o
                                                  build/py/formatfloat.o
___nedf2                                          /home/Zezombye/opt/sh3eb-elf/lib/gcc/sh3eb-elf/7.3.0/libgcc.a(_ne_df.o)
                                                  build/py/objfloat.o
                                                  build/py/objcomplex.o
___pack_d                                         /home/Zezombye/opt/sh3eb-elf/lib/gcc/sh3eb-elf/7.3.0/libgcc.a(_pack_df.o)
                                                  /home/Zezombye/opt/sh3eb-elf/lib/gcc/sh3eb-elf/7.3.0/libgcc.a(_usi_to_df.o)
                                                  /home/Zezombye/opt/sh3eb-elf/lib/gcc/sh3eb-elf/7.3.0/libgcc.a(_make_df.o)
                                                  /home/Zezombye/opt/sh3eb-elf/lib/gcc/sh3eb-elf/7.3.0/libgcc.a(_si_to_df.o)
                                                  /home/Zezombye/opt/sh3eb-elf/lib/gcc/sh3eb-elf/7.3.0/libgcc.a(_div_df.o)
                                                  /home/Zezombye/opt/sh3eb-elf/lib/gcc/sh3eb-elf/7.3.0/libgcc.a(_mul_df.o)
                                                  /home/Zezombye/opt/sh3eb-elf/lib/gcc/sh3eb-elf/7.3.0/libgcc.a(_addsub_df.o)
___pack_f                                         /home/Zezombye/opt/sh3eb-elf/lib/gcc/sh3eb-elf/7.3.0/libgcc.a(_pack_sf.o)
                                                  /home/Zezombye/opt/sh3eb-elf/lib/gcc/sh3eb-elf/7.3.0/libgcc.a(_make_sf.o)
                                                  /home/Zezombye/opt/sh3eb-elf/lib/gcc/sh3eb-elf/7.3.0/libgcc.a(_si_to_sf.o)
___sdivsi3                                        /home/Zezombye/opt/sh3eb-elf/lib/gcc/sh3eb-elf/7.3.0/libgcc.a(_sdivsi3.o)
                                                  build/py/smallint.o
                                                  build/py/objrange.o
                                                  /tmp/ccRkAaxi.o
___subdf3                                         /home/Zezombye/opt/sh3eb-elf/lib/gcc/sh3eb-elf/7.3.0/libgcc.a(_addsub_df.o)
                                                  build/py/objfloat.o
                                                  build/py/objcomplex.o
                                                  build/py/formatfloat.o
___thenan_df                                      /home/Zezombye/opt/sh3eb-elf/lib/gcc/sh3eb-elf/7.3.0/libgcc.a(_thenan_df.o)
                                                  /home/Zezombye/opt/sh3eb-elf/lib/gcc/sh3eb-elf/7.3.0/libgcc.a(_div_df.o)
                                                  /home/Zezombye/opt/sh3eb-elf/lib/gcc/sh3eb-elf/7.3.0/libgcc.a(_mul_df.o)
                                                  /home/Zezombye/opt/sh3eb-elf/lib/gcc/sh3eb-elf/7.3.0/libgcc.a(_addsub_df.o)
___truncdfsf2                                     /home/Zezombye/opt/sh3eb-elf/lib/gcc/sh3eb-elf/7.3.0/libgcc.a(_df_to_sf.o)
                                                  build/py/binary.o
___udiv_qrnnd_16                                  /home/Zezombye/opt/sh3eb-elf/lib/gcc/sh3eb-elf/7.3.0/libgcc.a(_udiv_qrnnd_16.o)
                                                  /home/Zezombye/opt/sh3eb-elf/lib/gcc/sh3eb-elf/7.3.0/libgcc.a(_umoddi3.o)
                                                  /home/Zezombye/opt/sh3eb-elf/lib/gcc/sh3eb-elf/7.3.0/libgcc.a(_udivdi3.o)
___udivdi3                                        /home/Zezombye/opt/sh3eb-elf/lib/gcc/sh3eb-elf/7.3.0/libgcc.a(_udivdi3.o)
                                                  /tmp/ccjw44K3.o
___udivsi3                                        /home/Zezombye/opt/sh3eb-elf/lib/gcc/sh3eb-elf/7.3.0/libgcc.a(_udivsi3.o)
                                                  /home/Zezombye/opt/sh3eb-elf/lib/gcc/sh3eb-elf/7.3.0/libgcc.a(_umoddi3.o)
                                                  /home/Zezombye/opt/sh3eb-elf/lib/gcc/sh3eb-elf/7.3.0/libgcc.a(_udivdi3.o)
                                                  build/py/objint.o
                                                  build/py/map.o
                                                  build/py/mpprint.o
                                                  /tmp/ccjw44K3.o
___umoddi3                                        /home/Zezombye/opt/sh3eb-elf/lib/gcc/sh3eb-elf/7.3.0/libgcc.a(_umoddi3.o)
                                                  /tmp/ccjw44K3.o
___unorddf2                                       /home/Zezombye/opt/sh3eb-elf/lib/gcc/sh3eb-elf/7.3.0/libgcc.a(_unord_df.o)
                                                  build/py/objint.o
                                                  build/py/objfloat.o
                                                  build/py/objcomplex.o
                                                  build/py/formatfloat.o
___unpack_d                                       /home/Zezombye/opt/sh3eb-elf/lib/gcc/sh3eb-elf/7.3.0/libgcc.a(_unpack_df.o)
                                                  /home/Zezombye/opt/sh3eb-elf/lib/gcc/sh3eb-elf/7.3.0/libgcc.a(_df_to_sf.o)
                                                  /home/Zezombye/opt/sh3eb-elf/lib/gcc/sh3eb-elf/7.3.0/libgcc.a(_df_to_si.o)
                                                  /home/Zezombye/opt/sh3eb-elf/lib/gcc/sh3eb-elf/7.3.0/libgcc.a(_unord_df.o)
                                                  /home/Zezombye/opt/sh3eb-elf/lib/gcc/sh3eb-elf/7.3.0/libgcc.a(_le_df.o)
                                                  /home/Zezombye/opt/sh3eb-elf/lib/gcc/sh3eb-elf/7.3.0/libgcc.a(_lt_df.o)
                                                  /home/Zezombye/opt/sh3eb-elf/lib/gcc/sh3eb-elf/7.3.0/libgcc.a(_ge_df.o)
                                                  /home/Zezombye/opt/sh3eb-elf/lib/gcc/sh3eb-elf/7.3.0/libgcc.a(_gt_df.o)
                                                  /home/Zezombye/opt/sh3eb-elf/lib/gcc/sh3eb-elf/7.3.0/libgcc.a(_ne_df.o)
                                                  /home/Zezombye/opt/sh3eb-elf/lib/gcc/sh3eb-elf/7.3.0/libgcc.a(_eq_df.o)
                                                  /home/Zezombye/opt/sh3eb-elf/lib/gcc/sh3eb-elf/7.3.0/libgcc.a(_div_df.o)
                                                  /home/Zezombye/opt/sh3eb-elf/lib/gcc/sh3eb-elf/7.3.0/libgcc.a(_mul_df.o)
                                                  /home/Zezombye/opt/sh3eb-elf/lib/gcc/sh3eb-elf/7.3.0/libgcc.a(_addsub_df.o)
___unpack_f                                       /home/Zezombye/opt/sh3eb-elf/lib/gcc/sh3eb-elf/7.3.0/libgcc.a(_unpack_sf.o)
                                                  /home/Zezombye/opt/sh3eb-elf/lib/gcc/sh3eb-elf/7.3.0/libgcc.a(_sf_to_df.o)
__add                                             ./libfx.a(_add.robj)
                                                  ./libfx.a(_mult.robj)
                                                  ./libfx.a(_div64.robj)
__addd                                            ./libfx.a(r_addd.robj)
__allzero                                         ./libfx.a(_allzero.robj)
                                                  ./libfx.a(_xti.robj)
__app_atand                                       ./libfx.a(_a_atand.robj)
                                                  ./libfx.a(_i_atand.robj)
__app_cosd                                        ./libfx.a(_a_cosd.robj)
                                                  ./libfx.a(_in_sind.robj)
                                                  ./libfx.a(_in_cosd.robj)
__app_sind                                        ./libfx.a(_a_sind.robj)
                                                  ./libfx.a(_in_sind.robj)
                                                  ./libfx.a(_in_cosd.robj)
__cAlphaKill                                      /tmp/ccAZxb38.o
__cBarLevel                                       /tmp/ccSxmYVs.o
__cHIndex                                         /tmp/ccAZxb38.o
__cInverse                                        /tmp/ccSxmYVs.o
__cKeyStatusHide                                  /tmp/ccAZxb38.o
__cMBar                                           /tmp/ccSxmYVs.o
__cPBar                                           /tmp/ccSxmYVs.o
__cSBar                                           /tmp/ccSxmYVs.o
__cSIndex                                         /tmp/ccSxmYVs.o
__cShiftKill                                      /tmp/ccAZxb38.o
__cStatusHideStack                                /tmp/ccAZxb38.o
__calcnpw                                         ./libfx.a(_calcnpw.robj)
                                                  ./libfx.a(_xti.robj)
__ctype                                           ./libfx.a(_ctype.robj)
                                                  ./libfx.a(_fmtout.robj)
                                                  ./libfx.a(tolower.robj)
                                                  ./libfx.a(isalpha.robj)
__div64                                           ./libfx.a(_div64.robj)
                                                  ./libfx.a(_calcnpw.robj)
__divls                                           ./libfx.a(__divls.robj)
                                                  ./libfx.a(_add.robj)
                                                  ./libfx.a(_setsbit.robj)
                                                  ./libfx.a(_rnd.robj)
                                                  ./libfx.a(_power.robj)
                                                  ./libfx.a(_xti.robj)
                                                  ./libfx.a(_its.robj)
                                                  ./libfx.a(_fmtout.robj)
                                                  ./libfx.a(dispbios.robj)
__divlu                                           ./libfx.a(__divlu.robj)
                                                  ./libfx.a(_fmtout.robj)
__divws                                           ./libfx.a(__divws.robj)
                                                  ./libfx.a(_calcnpw.robj)
__dtoi                                            ./libfx.a(r_dtoi.robj)
                                                  ./libfx.a(_log10.robj)
__dtoid                                           ./libfx.a(__dtoid.robj)
                                                  ./libfx.a(sqrt.robj)
                                                  ./libfx.a(sin.robj)
                                                  ./libfx.a(pow.robj)
                                                  ./libfx.a(log.robj)
                                                  ./libfx.a(fmod.robj)
                                                  ./libfx.a(floor.robj)
                                                  ./libfx.a(exp.robj)
                                                  ./libfx.a(cos.robj)
                                                  ./libfx.a(atan2.robj)
__dtou                                            ./libfx.a(r_dtoi.robj)
__duchek                                          ./libfx.a(_duchek.robj)
                                                  ./libfx.a(_log10.robj)
__eqd                                             ./libfx.a(r_eqd.robj)
                                                  ./libfx.a(_fmtout.robj)
__errno                                           ./libfx.a(_errno.robj)
                                                  ./libfx.a(__divws.robj)
                                                  ./libfx.a(_log10.robj)
                                                  ./libfx.a(__modlu.robj)
                                                  ./libfx.a(__modls.robj)
                                                  ./libfx.a(__divlu.robj)
                                                  ./libfx.a(_fmtout.robj)
                                                  ./libfx.a(__divls.robj)
                                                  ./libfx.a(sqrt.robj)
                                                  ./libfx.a(sin.robj)
                                                  ./libfx.a(pow.robj)
                                                  ./libfx.a(log.robj)
                                                  ./libfx.a(fmod.robj)
                                                  ./libfx.a(floor.robj)
                                                  ./libfx.a(exp.robj)
                                                  ./libfx.a(cos.robj)
                                                  ./libfx.a(atan2.robj)
__fmtout                                          ./libfx.a(_fmtout.robj)
                                                  ./libfx.a(sprintf.robj)
__iACase                                          /tmp/ccAZxb38.o
__iAlpha                                          /tmp/ccAZxb38.o
__iAppMode                                        /tmp/ccSVEjCl.o
__iBinary                                         /tmp/ccSVEjCl.o
__iClipSize                                       /tmp/ccSVEjCl.o
__iCntx                                           /tmp/ccBvHLm2.o
__iFont3x5                                        /tmp/ccBvHLm2.o
__iFont3x7                                        /tmp/ccBvHLm2.o
__iKbStatPx                                       /tmp/ccAZxb38.o
__iKbStatPy                                       /tmp/ccAZxb38.o
__iNewFile                                        /tmp/ccSVEjCl.o
__iSaved                                          /tmp/ccSVEjCl.o
__iShift                                          /tmp/ccAZxb38.o
__iTextSize                                       /tmp/ccSVEjCl.o
__idtod                                           ./libfx.a(__idtod.robj)
                                                  ./libfx.a(sqrt.robj)
                                                  ./libfx.a(sin.robj)
                                                  ./libfx.a(pow.robj)
                                                  ./libfx.a(log.robj)
                                                  ./libfx.a(fmod.robj)
                                                  ./libfx.a(floor.robj)
                                                  ./libfx.a(exp.robj)
                                                  ./libfx.a(cos.robj)
                                                  ./libfx.a(atan2.robj)
__in_addd                                         ./libfx.a(__i_addd.robj)
                                                  ./libfx.a(_i_atand.robj)
                                                  ./libfx.a(__polind.robj)
                                                  ./libfx.a(_in_sind.robj)
                                                  ./libfx.a(_in_logd.robj)
                                                  ./libfx.a(_in_expd.robj)
                                                  ./libfx.a(_in_cosd.robj)
                                                  ./libfx.a(_i_flord.robj)
                                                  ./libfx.a(_i_atn2d.robj)
__in_atan2d                                       ./libfx.a(_i_atn2d.robj)
                                                  ./libfx.a(atan2.robj)
__in_atand                                        ./libfx.a(_i_atand.robj)
                                                  ./libfx.a(_i_atn2d.robj)
__in_cosd                                         ./libfx.a(_in_cosd.robj)
                                                  ./libfx.a(cos.robj)
__in_divd                                         ./libfx.a(__i_divd.robj)
                                                  ./libfx.a(_i_atand.robj)
                                                  ./libfx.a(_in_logd.robj)
                                                  ./libfx.a(_in_expd.robj)
                                                  ./libfx.a(_i_atn2d.robj)
__in_eqd                                          ./libfx.a(__in_eqd.robj)
                                                  ./libfx.a(_i_atand.robj)
                                                  ./libfx.a(_in_powd.robj)
                                                  ./libfx.a(_in_logd.robj)
                                                  ./libfx.a(_i_flord.robj)
__in_expd                                         ./libfx.a(_in_expd.robj)
                                                  ./libfx.a(_in_powd.robj)
                                                  ./libfx.a(exp.robj)
__in_floord                                       ./libfx.a(_i_flord.robj)
                                                  ./libfx.a(floor.robj)
__in_fmodd                                        ./libfx.a(__i_fmdd.robj)
                                                  ./libfx.a(_i_atand.robj)
                                                  ./libfx.a(_in_sind.robj)
                                                  ./libfx.a(_in_cosd.robj)
                                                  ./libfx.a(fmod.robj)
__in_gtd                                          ./libfx.a(__in_gtd.robj)
                                                  ./libfx.a(_i_atand.robj)
__in_ldexpd                                       ./libfx.a(__i_lded.robj)
                                                  ./libfx.a(_i_atand.robj)
                                                  ./libfx.a(_in_powd.robj)
                                                  ./libfx.a(_in_expd.robj)
__in_logd                                         ./libfx.a(_in_logd.robj)
                                                  ./libfx.a(_in_powd.robj)
                                                  ./libfx.a(log.robj)
__in_muld                                         ./libfx.a(__i_muld.robj)
                                                  ./libfx.a(_a_atand.robj)
                                                  ./libfx.a(_i_atand.robj)
                                                  ./libfx.a(_a_sind.robj)
                                                  ./libfx.a(_a_cosd.robj)
                                                  ./libfx.a(__polind.robj)
                                                  ./libfx.a(_in_powd.robj)
                                                  ./libfx.a(_in_logd.robj)
                                                  ./libfx.a(_in_expd.robj)
__in_powd                                         ./libfx.a(_in_powd.robj)
                                                  ./libfx.a(pow.robj)
__in_sind                                         ./libfx.a(_in_sind.robj)
                                                  ./libfx.a(sin.robj)
__in_sqrtd                                        ./libfx.a(__i_sqrd.robj)
                                                  ./libfx.a(sqrt.robj)
__in_subd                                         ./libfx.a(__i_addd.robj)
                                                  ./libfx.a(_in_expd.robj)
__in_truncd                                       ./libfx.a(__i_trnd.robj)
                                                  ./libfx.a(_in_powd.robj)
                                                  ./libfx.a(_in_expd.robj)
                                                  ./libfx.a(_i_flord.robj)
__istyped                                         ./libfx.a(__istypd.robj)
                                                  ./libfx.a(_i_atand.robj)
                                                  ./libfx.a(_in_sind.robj)
                                                  ./libfx.a(_in_powd.robj)
                                                  ./libfx.a(_in_logd.robj)
                                                  ./libfx.a(_in_expd.robj)
                                                  ./libfx.a(_in_cosd.robj)
__itod                                            ./libfx.a(r_itod.robj)
                                                  ./libfx.a(_log10.robj)
__itoid                                           ./libfx.a(__itoid.robj)
                                                  ./libfx.a(_in_logd.robj)
__its                                             ./libfx.a(_its.robj)
                                                  ./libfx.a(_fmtout.robj)
__log10                                           ./libfx.a(_log10.robj)
                                                  ./libfx.a(_xti.robj)
__lsft                                            ./libfx.a(_lsft.robj)
                                                  ./libfx.a(_mult64.robj)
                                                  ./libfx.a(_log10.robj)
                                                  ./libfx.a(_div64.robj)
__lsfts                                           ./libfx.a(_lsfts.robj)
                                                  ./libfx.a(_pow10.robj)
                                                  ./libfx.a(_unpack.robj)
                                                  ./libfx.a(_xti.robj)
__ltd                                             ./libfx.a(r_ltd.robj)
                                                  ./libfx.a(_log10.robj)
__modls                                           ./libfx.a(__modls.robj)
                                                  ./libfx.a(_power.robj)
                                                  ./libfx.a(_fmtout.robj)
__modlu                                           ./libfx.a(__modlu.robj)
                                                  ./libfx.a(_fmtout.robj)
__muld                                            ./libfx.a(r_muld.robj)
                                                  ./libfx.a(_log10.robj)
__mult                                            ./libfx.a(_mult.robj)
                                                  ./libfx.a(_mult64.robj)
__mult64                                          ./libfx.a(_mult64.robj)
                                                  ./libfx.a(_power.robj)
                                                  ./libfx.a(_calcnpw.robj)
__ned                                             ./libfx.a(r_ned.robj)
                                                  ./libfx.a(_log10.robj)
__polinod                                         ./libfx.a(__polind.robj)
                                                  ./libfx.a(_a_atand.robj)
                                                  ./libfx.a(_a_sind.robj)
                                                  ./libfx.a(_a_cosd.robj)
                                                  ./libfx.a(_in_logd.robj)
                                                  ./libfx.a(_in_expd.robj)
__pow10                                           ./libfx.a(_pow10.robj)
                                                  ./libfx.a(_power.robj)
__pow5                                            ./libfx.a(_pow5.robj)
                                                  ./libfx.a(_pow10.robj)
                                                  ./libfx.a(_xti.robj)
__power                                           ./libfx.a(_power.robj)
                                                  ./libfx.a(_calcnpw.robj)
__quick_evn_mvn                                   ./libfx.a(__q_fmvn.robj)
__quick_odd_mvn                                   ./libfx.a(__q_fmvn.robj)
                                                  ./libfx.a(_a_atand.robj)
                                                  ./libfx.a(_i_atand.robj)
                                                  ./libfx.a(_a_sind.robj)
                                                  ./libfx.a(_a_cosd.robj)
                                                  ./libfx.a(_in_sind.robj)
                                                  ./libfx.a(_in_powd.robj)
                                                  ./libfx.a(_in_logd.robj)
                                                  ./libfx.a(_in_expd.robj)
                                                  ./libfx.a(_in_cosd.robj)
                                                  ./libfx.a(_i_flord.robj)
                                                  ./libfx.a(_i_atn2d.robj)
__rnd                                             ./libfx.a(_rnd.robj)
                                                  ./libfx.a(_power.robj)
                                                  ./libfx.a(_calcnpw.robj)
__rsft                                            ./libfx.a(_rsft.robj)
                                                  ./libfx.a(_div64.robj)
__rsfts                                           ./libfx.a(_rsfts.robj)
                                                  ./libfx.a(_calcnpw.robj)
                                                  ./libfx.a(_its.robj)
__sClip                                           /tmp/ccSVEjCl.o
__sConfig                                         /tmp/ccSVEjCl.o
__sFCntx                                          /tmp/ccBvHLm2.o
__sFData                                          /tmp/ccBvHLm2.o
__sFile                                           /tmp/ccSVEjCl.o
__sFiles                                          /tmp/ccSVEjCl.o
__sFolder                                         /tmp/ccSVEjCl.o
__sFolders                                        /tmp/ccSVEjCl.o
__sKeyCode                                        /tmp/ccAZxb38.o
__sMNode                                          /tmp/ccSxmYVs.o
                                                  /tmp/ccSVEjCl.o
__sRoot                                           /tmp/ccSVEjCl.o
__sText                                           /tmp/ccSVEjCl.o
__setsbit                                         ./libfx.a(_setsbit.robj)
                                                  ./libfx.a(_mult64.robj)
                                                  ./libfx.a(_calcnpw.robj)
__slow_mvn                                        ./libfx.a(__s_mvn.robj)
                                                  ./libfx.a(keybios.robj)
                                                  ./libfx.a(filebios.robj)
__sub                                             ./libfx.a(_sub.robj)
                                                  ./libfx.a(_div64.robj)
                                                  ./libfx.a(_its.robj)
__subd                                            ./libfx.a(r_addd.robj)
__subdr                                           ./libfx.a(r_addd.robj)
                                                  ./libfx.a(_log10.robj)
__umemcmp                                         ./libfx.a(_umemcmp.robj)
                                                  ./libfx.a(_its.robj)
__unpack                                          ./libfx.a(_unpack.robj)
                                                  ./libfx.a(_xti.robj)
__xti                                             ./libfx.a(_xti.robj)
                                                  ./libfx.a(_fmtout.robj)
_atan2                                            ./libfx.a(atan2.robj)
                                                  build/py/objcomplex.o
_bbss                                             /tmp/ccAt0bPL.o
_bdata                                            /tmp/ccAt0bPL.o
_bssdatasize                                      /tmp/ccAt0bPL.o
_casiopy_print                                    /tmp/ccRkAaxi.o
                                                  build/lib/utils/pyexec.o
                                                  build/uart_core.o
                                                  build/main.o
                                                  build/py/parsenum.o
                                                  /tmp/ccEL3l1h.o
                                                  /tmp/cc4P0R4t.o
                                                  /tmp/ccW7uK2A.o
                                                  /tmp/cc2fkEcC.o
_closure_type                                     build/py/objclosure.o
_copysign                                         /tmp/ccW7uK2A.o
                                                  build/py/objfloat.o
_cos                                              ./libfx.a(cos.robj)
                                                  build/py/objcomplex.o
_do_str                                           build/main.o
_ebss                                             /tmp/ccAt0bPL.o
_edata                                            /tmp/ccAt0bPL.o
_edit_main                                        /tmp/ccSVEjCl.o
_emit_bc_free                                     build/py/emitbc.o
                                                  build/py/compile.o
_emit_bc_new                                      build/py/emitbc.o
                                                  build/py/compile.o
_emit_bc_set_max_num_labels                       build/py/emitbc.o
                                                  build/py/compile.o
_exp                                              ./libfx.a(exp.robj)
                                                  build/py/objcomplex.o
_find_subbytes                                    build/py/objstr.o
_floor                                            ./libfx.a(floor.robj)
                                                  build/py/objfloat.o
_fmod                                             ./libfx.a(fmod.robj)
                                                  build/py/objfloat.o
_font                                             /tmp/ccRkAaxi.o
_free                                             ./libfx.a(_free.robj)
                                                  /tmp/ccSVEjCl.o
_gb_pKeyMatrix                                    ./libfx.a(keybios.robj)
_gc_alloc                                         build/py/gc.o
                                                  build/py/malloc.o
_gc_collect                                       build/main.o
                                                  build/py/gc.o
_gc_collect_end                                   build/py/gc.o
                                                  build/main.o
_gc_collect_root                                  build/py/gc.o
                                                  build/main.o
_gc_collect_start                                 build/py/gc.o
                                                  build/main.o
_gc_dump_alloc_table                              build/py/gc.o
_gc_dump_info                                     build/py/gc.o
                                                  build/main.o
_gc_free                                          build/py/gc.o
                                                  build/py/malloc.o
_gc_info                                          build/py/gc.o
_gc_init                                          build/py/gc.o
                                                  build/main.o
_gc_is_locked                                     build/py/gc.o
                                                  build/py/runtime.o
_gc_lock                                          build/py/gc.o
                                                  build/py/modmicropython.o
_gc_nbytes                                        build/py/gc.o
                                                  build/py/qstr.o
_gc_realloc                                       build/py/gc.o
                                                  build/py/malloc.o
_gc_sweep_all                                     build/py/gc.o
_gc_unlock                                        build/py/gc.o
                                                  build/py/modmicropython.o
_index                                            build/uart_core.o
_init_printf                                      /tmp/ccjw44K3.o
_isalpha                                          ./libfx.a(isalpha.robj)
                                                  /tmp/ccAZxb38.o
_key                                              build/main.o
                                                  build/py/vm.o
                                                  build/py/parsenum.o
                                                  /tmp/ccSVEjCl.o
                                                  /tmp/ccRkAaxi.o
_libc_fesetenv                                    /tmp/ccEL3l1h.o
_locate                                           ./libfx.a(dispbios.robj)
                                                  /tmp/ccSVEjCl.o
_locate_OS                                        ./libfx.a(_locate.robj)
                                                  ./libfx.a(dispbios.robj)
_log                                              ./libfx.a(log.robj)
                                                  build/py/objcomplex.o
_longjmp                                          /tmp/ccwJgy9y.o
                                                  build/py/nlrsetjmp.o
_m_free                                           build/py/malloc.o
                                                  build/py/objtype.o
                                                  build/py/objtuple.o
                                                  build/py/objmap.o
                                                  build/py/objint.o
                                                  build/py/objfun.o
                                                  build/py/objclosure.o
                                                  build/py/objboundmeth.o
                                                  build/py/map.o
                                                  build/py/runtime.o
                                                  build/py/emitbc.o
                                                  build/py/scope.o
                                                  build/py/parse.o
                                                  build/py/lexer.o
                                                  build/py/reader.o
                                                  build/py/mpprint.o
                                                  build/py/vstr.o
_m_malloc                                         build/py/malloc.o
                                                  build/py/objzip.o
                                                  build/py/objtype.o
                                                  build/py/objtuple.o
                                                  build/py/objstringio.o
                                                  build/py/objstr.o
                                                  build/py/objrange.o
                                                  build/py/objobject.o
                                                  build/py/objmodule.o
                                                  build/py/objmap.o
                                                  build/py/objlist.o
                                                  build/py/objint.o
                                                  build/py/objgenerator.o
                                                  build/py/objfun.o
                                                  build/py/objfloat.o
                                                  build/py/objdict.o
                                                  build/py/objcomplex.o
                                                  build/py/objclosure.o
                                                  build/py/objcell.o
                                                  build/py/objboundmeth.o
                                                  build/py/runtime.o
                                                  build/py/emitbc.o
                                                  build/py/scope.o
                                                  build/py/parse.o
                                                  build/py/lexer.o
                                                  build/py/reader.o
                                                  build/py/vstr.o
_m_malloc0                                        build/py/malloc.o
                                                  build/py/objtype.o
                                                  build/py/map.o
                                                  build/py/emitglue.o
                                                  build/py/emitbc.o
                                                  build/py/scope.o
_m_malloc_fail                                    build/py/runtime.o
                                                  build/py/qstr.o
                                                  build/py/malloc.o
_m_malloc_maybe                                   build/py/malloc.o
                                                  build/lib/mp-readline/readline.o
                                                  build/py/objfun.o
                                                  build/py/objexcept.o
                                                  build/py/objboundmeth.o
                                                  build/py/qstr.o
_m_realloc                                        build/py/malloc.o
                                                  build/py/objtuple.o
                                                  build/py/objstr.o
                                                  build/py/objlist.o
                                                  build/py/runtime.o
                                                  build/py/scope.o
                                                  build/py/parse.o
                                                  build/py/lexer.o
                                                  build/py/vstr.o
_m_realloc_maybe                                  build/py/malloc.o
                                                  build/py/objexcept.o
                                                  build/py/parse.o
                                                  build/py/qstr.o
_main                                             /tmp/ccRkAaxi.o
                                                  /tmp/ccAt0bPL.o
_malloc                                           ./libfx.a(_malloc.robj)
                                                  /tmp/ccSVEjCl.o
_memchr                                           build/lib/libc/string0.o
_memcmp                                           build/lib/libc/string0.o
                                                  ./libfx.a(_xti.robj)
                                                  build/py/frozenmod.o
                                                  build/py/repl.o
                                                  build/py/sequence.o
                                                  build/py/objstr.o
                                                  build/py/qstr.o
_memcpy                                           build/lib/libc/string0.o
                                                  ./libfx.a(_pow10.robj)
                                                  ./libfx.a(_mult.robj)
                                                  ./libfx.a(_unpack.robj)
                                                  ./libfx.a(_power.robj)
                                                  ./libfx.a(_pow5.robj)
                                                  ./libfx.a(_mult64.robj)
                                                  ./libfx.a(_div64.robj)
                                                  ./libfx.a(_calcnpw.robj)
                                                  ./libfx.a(_xti.robj)
                                                  ./libfx.a(_its.robj)
                                                  ./libfx.a(_fmtout.robj)
                                                  build/lib/mp-readline/readline.o
                                                  build/lib/utils/printf.o
                                                  build/py/builtinimport.o
                                                  build/py/binary.o
                                                  build/py/sequence.o
                                                  build/py/objtype.o
                                                  build/py/objtuple.o
                                                  build/py/objstringio.o
                                                  build/py/objstr.o
                                                  build/py/objlist.o
                                                  build/py/objfun.o
                                                  build/py/objexcept.o
                                                  build/py/objdict.o
                                                  build/py/objclosure.o
                                                  build/py/objboundmeth.o
                                                  build/py/runtime.o
                                                  build/py/compile.o
                                                  build/py/qstr.o
                                                  build/py/gc.o
                                                  /tmp/ccSVEjCl.o
                                                  /tmp/ccRkAaxi.o
_memmove                                          build/lib/libc/string0.o
                                                  build/py/objstr.o
                                                  build/py/objlist.o
                                                  build/py/vstr.o
                                                  /tmp/ccRkAaxi.o
_memset                                           build/lib/libc/string0.o
                                                  ./libfx.a(_pow10.robj)
                                                  ./libfx.a(_mult.robj)
                                                  ./libfx.a(_power.robj)
                                                  ./libfx.a(_div64.robj)
                                                  build/lib/mp-readline/readline.o
                                                  build/py/bc.o
                                                  build/py/binary.o
                                                  build/py/objtype.o
                                                  build/py/objstringio.o
                                                  build/py/objstr.o
                                                  build/py/objlist.o
                                                  build/py/objint.o
                                                  build/py/compile.o
                                                  build/py/gc.o
                                                  /tmp/ccAZxb38.o
                                                  /tmp/ccSVEjCl.o
                                                  /tmp/ccRkAaxi.o
_mp_arg_check_num                                 build/py/argcheck.o
                                                  build/py/objzip.o
                                                  build/py/objtype.o
                                                  build/py/objtuple.o
                                                  build/py/objstr.o
                                                  build/py/objrange.o
                                                  build/py/objobject.o
                                                  build/py/objmap.o
                                                  build/py/objlist.o
                                                  build/py/objint.o
                                                  build/py/objfun.o
                                                  build/py/objfloat.o
                                                  build/py/objexcept.o
                                                  build/py/objdict.o
                                                  build/py/objcomplex.o
                                                  build/py/objbool.o
_mp_arg_error_terse_mismatch                      build/py/argcheck.o
                                                  build/py/bc.o
_mp_arg_parse_all                                 build/py/argcheck.o
                                                  build/py/modbuiltins.o
                                                  build/py/objlist.o
_mp_arg_parse_all_kw_array                        build/py/argcheck.o
_mp_binary_get_int                                build/py/binary.o
_mp_binary_get_size                               build/py/binary.o
_mp_binary_get_val                                build/py/binary.o
_mp_binary_get_val_array                          build/py/binary.o
_mp_binary_op                                     build/py/runtime.o
                                                  build/py/vm.o
                                                  build/py/modbuiltins.o
                                                  build/py/sequence.o
                                                  build/py/objtype.o
                                                  build/py/objlist.o
                                                  build/py/objint.o
                                                  build/py/objbool.o
                                                  build/py/parse.o
_mp_binary_op_method_name                         build/py/objtype.o
                                                  build/py/showbc.o
_mp_binary_set_int                                build/py/binary.o
                                                  build/py/objint.o
_mp_binary_set_val                                build/py/binary.o
_mp_binary_set_val_array                          build/py/binary.o
_mp_binary_set_val_array_from_int                 build/py/binary.o
_mp_builtin___build_class___obj                   build/py/modbuiltins.o
                                                  build/py/runtime.o
_mp_builtin___import__                            build/py/builtinimport.o
                                                  build/py/runtime.o
_mp_builtin___import___obj                        build/py/builtinimport.o
                                                  build/py/modbuiltins.o
_mp_builtin___repl_print___obj                    build/py/modbuiltins.o
_mp_builtin_abs_obj                               build/py/modbuiltins.o
_mp_builtin_all_obj                               build/py/modbuiltins.o
_mp_builtin_any_obj                               build/py/modbuiltins.o
_mp_builtin_bin_obj                               build/py/modbuiltins.o
_mp_builtin_callable_obj                          build/py/modbuiltins.o
_mp_builtin_chr_obj                               build/py/modbuiltins.o
_mp_builtin_dir_obj                               build/py/modbuiltins.o
_mp_builtin_divmod_obj                            build/py/modbuiltins.o
_mp_builtin_eval_obj                              build/py/builtinevex.o
                                                  build/py/modbuiltins.o
_mp_builtin_exec_obj                              build/py/builtinevex.o
                                                  build/py/modbuiltins.o
_mp_builtin_getattr_obj                           build/py/modbuiltins.o
_mp_builtin_globals_obj                           build/py/modbuiltins.o
_mp_builtin_hasattr_obj                           build/py/modbuiltins.o
_mp_builtin_hash_obj                              build/py/modbuiltins.o
_mp_builtin_hex_obj                               build/py/modbuiltins.o
_mp_builtin_id_obj                                build/py/modbuiltins.o
_mp_builtin_input_obj                             build/py/modbuiltins.o
_mp_builtin_isinstance_obj                        build/py/objtype.o
                                                  build/py/modbuiltins.o
_mp_builtin_issubclass_obj                        build/py/objtype.o
                                                  build/py/modbuiltins.o
_mp_builtin_iter_obj                              build/py/modbuiltins.o
_mp_builtin_len_obj                               build/py/modbuiltins.o
_mp_builtin_locals_obj                            build/py/modbuiltins.o
_mp_builtin_module_map                            build/py/objmodule.o
_mp_builtin_next_obj                              build/py/modbuiltins.o
                                                  build/py/runtime.o
_mp_builtin_oct_obj                               build/py/modbuiltins.o
_mp_builtin_open                                  build/main.o